Acarospora_strigata_TRM_02.24.10-24.aa.fasta
Acidomyces_richmondensis_BFW.Aciri1_iso.aa.fasta
Ajellomyces_capsulatus_NAm1.aa.fasta
Aspergillus_fumigatus_Af293.aa.fasta
Aureobasidium_pullulans_gca_001678115.ASM167811v1.aa.fasta
Aureobasidium_pullulans_var._melanogenum_CBS_110374_v1.0.aa.fasta
Aureobasidium_pullulans_var._namibiae_CBS_147.97_v1.0.aa.fasta
Aureobasidium_pullulans_var._subglaciale_EXF-2481_v1.0.aa.fasta
Aureobasidium_pullulans_var_pullulans_EXF-150.Aurpu_var_pul1.aa.fasta
Baudoinia_compniacensis_UAMH_10762.Bauco1.v1.aa.fasta
Capronia_coronata_CBS_617.96.aa.fasta
Capronia_epimyces_CBS_606.96.aa.fasta
Capronia_semiimmersa_CBS_27337.v1.aa.fasta
Cladonia_grayi.aa.fasta
Cladophialophora_bantiana_CBS_173.52.v1.aa.fasta
Cladophialophora_carrionii_CBS_160.54.v1.aa.fasta
Cladophialophora_chaetospira.TK41.v1.aa.fasta
Cladophialophora_immunda_CBS_83496.v1.aa.fasta
Cladophialophora_psammophila_CBS_110553.v1.aa.fasta
Cladophialophora_yegresii_CBS_114405.v1.aa.fasta
Cladosporium.sp.JES115.v1.aa.fasta
Cladosporium_fulvum_CBS_131901.Clafu1.v1.aa.fasta
Cladosporium_sphaerospermum_UM_843.aa.fasta
Coccidioides_immitis_RS.aa.fasta
Coccodinium_bartschii_CBS_121709.aa.fasta
Coniosporium_apollinis_CBS_100218.v1.aa.fasta
Coniosporium_apollonis.TK1.v1.aa.fasta
Cryomyces_antarcticus_CCFEE_534.aa.fasta
Cryomyces_minteri_CCFEE_5187.v1.aa.fasta
Cyphellophora_europaea_CBS_101466.aa.fasta
Delphinella_strobiligena_CBS_735.71.v1.aa.fasta
Dothideales.sp.JES113.v1.aa.fasta
Dothideales.sp.JES119.v1.aa.fasta
Endocarpon_pallidulum_Enpa.v0_1.aa.fasta
EurotioJF033F_1.aa.fasta
EurotioJF034F_1.aa.fasta
Eurotium_rubrum.aa.fasta
Exophiala_alcalophila_ATCC_48519.v1.aa.fasta
Exophiala_alcalophila_J33.v1.aa.fasta
Exophiala_aquamarina_CBS_119918.v1.aa.fasta
Exophiala_dermatitidis_ATCC34100.v1.aa.fasta
Exophiala_mesophila_CBS_40295.v1.aa.fasta
Exophiala_mesophila_CCFEE_6314.v2.aa.fasta
Exophiala_oligosperma_CBS_72588.v1.aa.fasta
Exophiala_sideris_CBS_121828.v1.aa.fasta
Exophiala_spinifera_CBS_89968.v1.aa.fasta
Exophiala_xenobiotica.TK68.v1.aa.fasta
Exophiala_xenobiotica_CBS_102455.v1.aa.fasta
Exophiala_xenobiotica_CBS_118157.v1.aa.fasta
Exophiala_xenobiotica_CBS_118157.v2.aa.fasta
Fonsecaea_multimorphosa_CBS_102226.v1.aa.fasta
Fonsecaea_pedrosoi_CBS_271.37.v1.aa.fasta
Friedmanniomyces_endolithicus_CCFEE_5311.v1.aa.fasta
Friedmanniomyces_simplex_CCFEE_5184.v1.aa.fasta
Glonium_stellatum.Glost2.v1.aa.fasta
Hortaea_acidophila_CBS_113389.Horac1.v1.aa.fasta
Hortaea_thailandica_CCFEE_6315.v1.aa.fasta
Hortaea_werneckii_EXF-2000.v2.aa.fasta
Knufia.sp.JES112.v1.aa.fasta
Knufia_peltigerae.TK35.v1.aa.fasta
Knufia_petricola.ASM.222547.v1.aa.fasta
Knufia_petricola.ASM.231905.v1.aa.fasta
Knufia_petricola_MA5789.aa.fasta
Mycosphaerella_graminicola_IPO323.Mycgr3.v2.aa.fasta
Myriangium_duriaei_CBS_260.36.v1.aa.fasta
Myriangium_sp_NC1570.v1.aa.fasta
Neofusicoccum_parvum_UCRNP2.v1.aa.fasta
Neurospora_crassa.aa.fasta
Ochroconis_gallopava_CBS_43764.v1.aa.fasta
Phaeomoniella_chlamydospora_UCRPC4.aa.fasta
Phaeotheca_salicorniae_Con_1B-8.aa.fasta
Phialophora_attae_CBS_131958.aa.fasta
Piedraia_hortae.v1.aa.fasta
Polychaeton_citri_CBS_116435.Polci1.v1.aa.fasta
Rachicladosporium_antarcticum_CCFEE_5527.v1.aa.fasta
Rachicladosporium_monterosium_CCFEE_5018.v1.aa.fasta
Rhinocladiella_mackenzie_CBS_650.93.v1.aa.fasta
Sclerotinia_sclerotiorum_1980_UF-70.aa.fasta
Sordaria_macrospora_k-hell.aa.fasta
Symbiotaphrina_kochii.aa.fasta
Teratosphaeria_nubilosa_CBS_116005.v1.aa.fasta
Trypethelium_eluteriae.Tryvi1.v1.aa.fasta
Usnea_florida_ATCC_18376.v1.aa.fasta
Xanthoria_parietina_46-1-SA22.aa.fasta
Xylona_heveae_TC161.Xylhe1.v1.aa.fasta
Zymoseptoria_pseudotritici_STIR04_4.3.1.Zymps1.aa.fasta
