>Acastr_TRM_02.24
>Acirich1_iso
>Ajecap_NAm1
>Afum293
>Aurpu_ASM167811
>Aurpu_mel_CBS110374
>Aurpu_nam_CBS147
>Aurpu_pul_EXF150
>Aurpu_sub_EXF2481
>Baucom_UAMH10762
>Capcor_CBS617
>Capepi_CBS_606
>Capsem_CBS27337
>Clagra
>Claban_CBS_173
>Clacar_CBS_160
>Clacha_TK41
>Claimm_CBS834
>Clapsa_CBS110553
>Clayeg_CBS11440
>Claful_CBS_131901
>Clasph_UM843
>Clasp_JES115
>Cocimm_RS
>Cocbar_CBS121709
>Conapol_CBS100218
>Conapol_TK1
>Cryant_CCFFEE534
>Crymin_CCFEE5187
>Cypeur_CBS10146
>Delstr_CBS735
>Dotsp_JES113
>Dotsp_JES119
>Endpall_Enpa
>EurotioJF033F
>EurotioJF034F
>Eurrub
>Exoalc_ATCC48519
>Exoalc_J33
>Exoaqu_CBS_119918
>Exoder_ATCC34100
>Exomes_CBS40295
>Exomes_CCFEE6314
>Exooli_CBS72588
>Exosid_CBS121828
>Exospi_CBS89968
>Exoxen_CBS102455
>Exoxen_CBS118157v1
>Exoxen_CBS118157v2
>Exoxen_TK68
>Fonmul_CBS_10226
>Fonped_CBS271
>Friend_CCFEE5311
>Frisim_CCFEE5184
>Glostel_Glost2
>Horaci_CBS113389
>Horthai_CCFEE6315
>Horwer_EXF2000v2
>Knupel_TK35
>Knupet_MA5789
>Knupet_ASM222547
>Knupet_ASM231905
>Knusp_JES112
>Mycgra_IPO323v2
>Myrdur_CBS260
>Myrsp_NC1570
>Neopar_UCRNP2
>Neucra
>Ochgal_CBS43764
>Phachl_UCRPC4
>Phasal_Con1B8
>Phiatt_CBS131958
>Piehor
>Polcit_CBS116435
>Racant_CCFEE5527
>Racmon_CCFEE5018
>Rhimac_CBS650
>Sclscl_1980UF70
>Sormac_khell
>Symkoc
>Ternub_CBS116005
>Tryelu
>Usnflo_ATCC18376
>Xanpar_461SA22
>Xylhev_TC161
>Zympse_STIR04
